>>> Experiment:     sugarR
    Output file:    /Users/weiboliu/Documents/AISpace/002ClaudeCodeSpace/fruitfly-lab/Drosophila_brain_model/results/lab/sugarR.parquet
    Excited neurons: 21
    Elapsed time:   13 s

共 41,462 次放电，413 个神经元有活动（全脑约 12.7 万个）

最活跃的 15 个神经元（Hz）：
exp_name                name      sugarR
flyid                                   
720575940616885538  sugar_12  161.666667
720575940629176663  sugar_20  160.666667
720575940621502051   sugar_9  157.666667
720575940630233916   sugar_2  155.000000
720575940632889389   sugar_7  153.333333
720575940640649691  sugar_10  152.666667
720575940628853239  sugar_19  152.666667
720575940639198653  sugar_13  152.666667
720575940621754367   sugar_8  152.333333
720575940617937543  sugar_15  150.333333
720575940632425919  sugar_16  150.333333
720575940620900446  sugar_14  150.333333
720575940617000768   sugar_5  149.000000
720575940630797113   sugar_6  148.666667
720575940611875570  sugar_21  148.666667

>>> MN9 放电率 = 82.3 Hz  ——  大于 0：糖味信号一路传到了进食运动神经元！
real 16.41
user 35.81
sys 4.63
exit=0
